FSBK0 "TRAIN\DR6\FSBK0\SA2.WAV"
FSBK0 "TRAIN\DR6\FSBK0\SI1069.WAV"
FSBK0 "TRAIN\DR6\FSBK0\SI1699.WAV"
FSBK0 "TRAIN\DR6\FSBK0\SI2329.WAV"
FSBK0 "TRAIN\DR6\FSBK0\SX169.WAV"
FSBK0 "TRAIN\DR6\FSBK0\SX259.WAV"
FSBK0 "TRAIN\DR6\FSBK0\SX349.WAV"
FSBK0 "TRAIN\DR6\FSBK0\SX439.WAV"
FSBK0 "TRAIN\DR6\FSBK0\SX79.WAV"
FSDJ0 "TRAIN\DR6\FSDJ0\SA2.WAV"
FSDJ0 "TRAIN\DR6\FSDJ0\SI1115.WAV"
FSDJ0 "TRAIN\DR6\FSDJ0\SI1745.WAV"
FSDJ0 "TRAIN\DR6\FSDJ0\SI485.WAV"
FSDJ0 "TRAIN\DR6\FSDJ0\SX125.WAV"
FSDJ0 "TRAIN\DR6\FSDJ0\SX215.WAV"
FSDJ0 "TRAIN\DR6\FSDJ0\SX305.WAV"
FSDJ0 "TRAIN\DR6\FSDJ0\SX35.WAV"
FSDJ0 "TRAIN\DR6\FSDJ0\SX395.WAV"
FSGF0 "TRAIN\DR6\FSGF0\SA2.WAV"
FSGF0 "TRAIN\DR6\FSGF0\SI1557.WAV"
FSGF0 "TRAIN\DR6\FSGF0\SI2187.WAV"
FSGF0 "TRAIN\DR6\FSGF0\SI927.WAV"
FSGF0 "TRAIN\DR6\FSGF0\SX117.WAV"
FSGF0 "TRAIN\DR6\FSGF0\SX207.WAV"
FSGF0 "TRAIN\DR6\FSGF0\SX27.WAV"
FSGF0 "TRAIN\DR6\FSGF0\SX297.WAV"
FSGF0 "TRAIN\DR6\FSGF0\SX387.WAV"
FTAJ0 "TRAIN\DR6\FTAJ0\SA2.WAV"
FTAJ0 "TRAIN\DR6\FTAJ0\SI1329.WAV"
FTAJ0 "TRAIN\DR6\FTAJ0\SI474.WAV"
FTAJ0 "TRAIN\DR6\FTAJ0\SI699.WAV"
FTAJ0 "TRAIN\DR6\FTAJ0\SX159.WAV"
FTAJ0 "TRAIN\DR6\FTAJ0\SX249.WAV"
FTAJ0 "TRAIN\DR6\FTAJ0\SX339.WAV"
FTAJ0 "TRAIN\DR6\FTAJ0\SX429.WAV"
FTAJ0 "TRAIN\DR6\FTAJ0\SX69.WAV"
FBLV0 "TRAIN\DR7\FBLV0\SA2.WAV"
FBLV0 "TRAIN\DR7\FBLV0\SI1058.WAV"
FBLV0 "TRAIN\DR7\FBLV0\SI1688.WAV"
FBLV0 "TRAIN\DR7\FBLV0\SI2318.WAV"
FBLV0 "TRAIN\DR7\FBLV0\SX158.WAV"
FBLV0 "TRAIN\DR7\FBLV0\SX248.WAV"
FBLV0 "TRAIN\DR7\FBLV0\SX338.WAV"
FBLV0 "TRAIN\DR7\FBLV0\SX428.WAV"
FBLV0 "TRAIN\DR7\FBLV0\SX68.WAV"
FCJS0 "TRAIN\DR7\FCJS0\SA2.WAV"
FCJS0 "TRAIN\DR7\FCJS0\SI1607.WAV"
FCJS0 "TRAIN\DR7\FCJS0\SI2237.WAV"
FCJS0 "TRAIN\DR7\FCJS0\SI977.WAV"
FCJS0 "TRAIN\DR7\FCJS0\SX167.WAV"
FCJS0 "TRAIN\DR7\FCJS0\SX257.WAV"
FCJS0 "TRAIN\DR7\FCJS0\SX347.WAV"
FCJS0 "TRAIN\DR7\FCJS0\SX437.WAV"
FCJS0 "TRAIN\DR7\FCJS0\SX77.WAV"
FCRZ0 "TRAIN\DR7\FCRZ0\SA2.WAV"
FCRZ0 "TRAIN\DR7\FCRZ0\SI1913.WAV"
FCRZ0 "TRAIN\DR7\FCRZ0\SI2053.WAV"
FCRZ0 "TRAIN\DR7\FCRZ0\SI793.WAV"
FCRZ0 "TRAIN\DR7\FCRZ0\SX163.WAV"
FCRZ0 "TRAIN\DR7\FCRZ0\SX253.WAV"
FCRZ0 "TRAIN\DR7\FCRZ0\SX343.WAV"
FCRZ0 "TRAIN\DR7\FCRZ0\SX433.WAV"
FCRZ0 "TRAIN\DR7\FCRZ0\SX73.WAV"
FJEN0 "TRAIN\DR7\FJEN0\SA2.WAV"
FJEN0 "TRAIN\DR7\FJEN0\SI1047.WAV"
FJEN0 "TRAIN\DR7\FJEN0\SI1677.WAV"
FJEN0 "TRAIN\DR7\FJEN0\SI2307.WAV"
FJEN0 "TRAIN\DR7\FJEN0\SX147.WAV"
FJEN0 "TRAIN\DR7\FJEN0\SX237.WAV"
FJEN0 "TRAIN\DR7\FJEN0\SX327.WAV"
FJEN0 "TRAIN\DR7\FJEN0\SX417.WAV"
FJEN0 "TRAIN\DR7\FJEN0\SX57.WAV"
FJHK0 "TRAIN\DR7\FJHK0\SA2.WAV"
FJHK0 "TRAIN\DR7\FJHK0\SI1022.WAV"
FJHK0 "TRAIN\DR7\FJHK0\SI1652.WAV"
FJHK0 "TRAIN\DR7\FJHK0\SI2282.WAV"
FJHK0 "TRAIN\DR7\FJHK0\SX122.WAV"
FJHK0 "TRAIN\DR7\FJHK0\SX212.WAV"
FJHK0 "TRAIN\DR7\FJHK0\SX302.WAV"
FJHK0 "TRAIN\DR7\FJHK0\SX32.WAV"
FJHK0 "TRAIN\DR7\FJHK0\SX392.WAV"
FJRP1 "TRAIN\DR7\FJRP1\SA2.WAV"
FJRP1 "TRAIN\DR7\FJRP1\SI1432.WAV"
FJRP1 "TRAIN\DR7\FJRP1\SI2062.WAV"
FJRP1 "TRAIN\DR7\FJRP1\SI802.WAV"
FJRP1 "TRAIN\DR7\FJRP1\SX172.WAV"
FJRP1 "TRAIN\DR7\FJRP1\SX262.WAV"
FJRP1 "TRAIN\DR7\FJRP1\SX352.WAV"
FJRP1 "TRAIN\DR7\FJRP1\SX442.WAV"
FJRP1 "TRAIN\DR7\FJRP1\SX82.WAV"
FJSK0 "TRAIN\DR7\FJSK0\SA2.WAV"
FJSK0 "TRAIN\DR7\FJSK0\SI1052.WAV"
FJSK0 "TRAIN\DR7\FJSK0\SI1682.WAV"
FJSK0 "TRAIN\DR7\FJSK0\SI2312.WAV"
FJSK0 "TRAIN\DR7\FJSK0\SX152.WAV"
FJSK0 "TRAIN\DR7\FJSK0\SX242.WAV"
FJSK0 "TRAIN\DR7\FJSK0\SX332.WAV"
FJSK0 "TRAIN\DR7\FJSK0\SX422.WAV"
FJSK0 "TRAIN\DR7\FJSK0\SX62.WAV"
FKDE0 "TRAIN\DR7\FKDE0\SA2.WAV"
FKDE0 "TRAIN\DR7\FKDE0\SI1141.WAV"
FKDE0 "TRAIN\DR7\FKDE0\SI1771.WAV"
FKDE0 "TRAIN\DR7\FKDE0\SI2221.WAV"
FKDE0 "TRAIN\DR7\FKDE0\SX151.WAV"
FKDE0 "TRAIN\DR7\FKDE0\SX241.WAV"
FKDE0 "TRAIN\DR7\FKDE0\SX331.WAV"
FKDE0 "TRAIN\DR7\FKDE0\SX421.WAV"
FKDE0 "TRAIN\DR7\FKDE0\SX61.WAV"
FKSR0 "TRAIN\DR7\FKSR0\SA2.WAV"
FKSR0 "TRAIN\DR7\FKSR0\SI1117.WAV"
FKSR0 "TRAIN\DR7\FKSR0\SI1747.WAV"
FKSR0 "TRAIN\DR7\FKSR0\SI487.WAV"
FKSR0 "TRAIN\DR7\FKSR0\SX161.WAV"
FKSR0 "TRAIN\DR7\FKSR0\SX217.WAV"
FKSR0 "TRAIN\DR7\FKSR0\SX366.WAV"
FKSR0 "TRAIN\DR7\FKSR0\SX37.WAV"
FKSR0 "TRAIN\DR7\FKSR0\SX397.WAV"
FLEH0 "TRAIN\DR7\FLEH0\SA2.WAV"
FLEH0 "TRAIN\DR7\FLEH0\SI1051.WAV"
FLEH0 "TRAIN\DR7\FLEH0\SI1681.WAV"
FLEH0 "TRAIN\DR7\FLEH0\SI2311.WAV"
FLEH0 "TRAIN\DR7\FLEH0\SX151.WAV"
FLEH0 "TRAIN\DR7\FLEH0\SX241.WAV"
FLEH0 "TRAIN\DR7\FLEH0\SX331.WAV"
FLEH0 "TRAIN\DR7\FLEH0\SX421.WAV"
FLEH0 "TRAIN\DR7\FLEH0\SX61.WAV"
FLET0 "TRAIN\DR7\FLET0\SA2.WAV"
FLET0 "TRAIN\DR7\FLET0\SI1137.WAV"
FLET0 "TRAIN\DR7\FLET0\SI1767.WAV"
FLET0 "TRAIN\DR7\FLET0\SI507.WAV"
FLET0 "TRAIN\DR7\FLET0\SX147.WAV"
FLET0 "TRAIN\DR7\FLET0\SX237.WAV"
FLET0 "TRAIN\DR7\FLET0\SX277.WAV"
FLET0 "TRAIN\DR7\FLET0\SX417.WAV"
FLET0 "TRAIN\DR7\FLET0\SX57.WAV"
FMAH1 "TRAIN\DR7\FMAH1\SA2.WAV"
FMAH1 "TRAIN\DR7\FMAH1\SI1509.WAV"
FMAH1 "TRAIN\DR7\FMAH1\SI2139.WAV"
FMAH1 "TRAIN\DR7\FMAH1\SI879.WAV"
FMAH1 "TRAIN\DR7\FMAH1\SX159.WAV"
FMAH1 "TRAIN\DR7\FMAH1\SX249.WAV"
FMAH1 "TRAIN\DR7\FMAH1\SX339.WAV"
FMAH1 "TRAIN\DR7\FMAH1\SX429.WAV"
FMAH1 "TRAIN\DR7\FMAH1\SX69.WAV"
FMKC0 "TRAIN\DR7\FMKC0\SA2.WAV"
FMKC0 "TRAIN\DR7\FMKC0\SI1041.WAV"
FMKC0 "TRAIN\DR7\FMKC0\SI1072.WAV"
FMKC0 "TRAIN\DR7\FMKC0\SI1702.WAV"
FMKC0 "TRAIN\DR7\FMKC0\SX172.WAV"
FMKC0 "TRAIN\DR7\FMKC0\SX262.WAV"
FMKC0 "TRAIN\DR7\FMKC0\SX352.WAV"
FMKC0 "TRAIN\DR7\FMKC0\SX442.WAV"
FMKC0 "TRAIN\DR7\FMKC0\SX82.WAV"
FPAB1 "TRAIN\DR7\FPAB1\SA2.WAV"
FPAB1 "TRAIN\DR7\FPAB1\SI1471.WAV"
FPAB1 "TRAIN\DR7\FPAB1\SI2101.WAV"
FPAB1 "TRAIN\DR7\FPAB1\SI841.WAV"
FPAB1 "TRAIN\DR7\FPAB1\SX121.WAV"
FPAB1 "TRAIN\DR7\FPAB1\SX211.WAV"
FPAB1 "TRAIN\DR7\FPAB1\SX301.WAV"
FPAB1 "TRAIN\DR7\FPAB1\SX31.WAV"
FPAB1 "TRAIN\DR7\FPAB1\SX391.WAV"
FPAC0 "TRAIN\DR7\FPAC0\SA2.WAV"
FPAC0 "TRAIN\DR7\FPAC0\SI1921.WAV"
FPAC0 "TRAIN\DR7\FPAC0\SI2011.WAV"
FPAC0 "TRAIN\DR7\FPAC0\SI661.WAV"
FPAC0 "TRAIN\DR7\FPAC0\SX121.WAV"
FPAC0 "TRAIN\DR7\FPAC0\SX211.WAV"
FPAC0 "TRAIN\DR7\FPAC0\SX301.WAV"
FPAC0 "TRAIN\DR7\FPAC0\SX31.WAV"
FPAC0 "TRAIN\DR7\FPAC0\SX391.WAV"
FREH0 "TRAIN\DR7\FREH0\SA2.WAV"
FREH0 "TRAIN\DR7\FREH0\SI1315.WAV"
FREH0 "TRAIN\DR7\FREH0\SI1945.WAV"
FREH0 "TRAIN\DR7\FREH0\SI685.WAV"
FREH0 "TRAIN\DR7\FREH0\SX145.WAV"
FREH0 "TRAIN\DR7\FREH0\SX235.WAV"
FREH0 "TRAIN\DR7\FREH0\SX325.WAV"
FREH0 "TRAIN\DR7\FREH0\SX415.WAV"
FREH0 "TRAIN\DR7\FREH0\SX55.WAV"
FSPM0 "TRAIN\DR7\FSPM0\SA2.WAV"
FSPM0 "TRAIN\DR7\FSPM0\SI1241.WAV"
FSPM0 "TRAIN\DR7\FSPM0\SI1871.WAV"
FSPM0 "TRAIN\DR7\FSPM0\SI611.WAV"
FSPM0 "TRAIN\DR7\FSPM0\SX161.WAV"
FSPM0 "TRAIN\DR7\FSPM0\SX251.WAV"
FSPM0 "TRAIN\DR7\FSPM0\SX341.WAV"
FSPM0 "TRAIN\DR7\FSPM0\SX431.WAV"
FSPM0 "TRAIN\DR7\FSPM0\SX71.WAV"
FVKB0 "TRAIN\DR7\FVKB0\SA2.WAV"
FVKB0 "TRAIN\DR7\FVKB0\SI1159.WAV"
FVKB0 "TRAIN\DR7\FVKB0\SI1789.WAV"
FVKB0 "TRAIN\DR7\FVKB0\SI529.WAV"
FVKB0 "TRAIN\DR7\FVKB0\SX169.WAV"
FVKB0 "TRAIN\DR7\FVKB0\SX259.WAV"
FVKB0 "TRAIN\DR7\FVKB0\SX349.WAV"
FVKB0 "TRAIN\DR7\FVKB0\SX439.WAV"
FVKB0 "TRAIN\DR7\FVKB0\SX79.WAV"
MBAR0 "TRAIN\DR7\MBAR0\SA2.WAV"
MBAR0 "TRAIN\DR7\MBAR0\SI1319.WAV"
MBAR0 "TRAIN\DR7\MBAR0\SI1949.WAV"
MBAR0 "TRAIN\DR7\MBAR0\SI689.WAV"
MBAR0 "TRAIN\DR7\MBAR0\SX149.WAV"
MBAR0 "TRAIN\DR7\MBAR0\SX239.WAV"
MBAR0 "TRAIN\DR7\MBAR0\SX329.WAV"
MBAR0 "TRAIN\DR7\MBAR0\SX419.WAV"
MBAR0 "TRAIN\DR7\MBAR0\SX59.WAV"
MBBR0 "TRAIN\DR7\MBBR0\SA2.WAV"
MBBR0 "TRAIN\DR7\MBBR0\SI1055.WAV"
MBBR0 "TRAIN\DR7\MBBR0\SI1685.WAV"
MBBR0 "TRAIN\DR7\MBBR0\SI2315.WAV"
MBBR0 "TRAIN\DR7\MBBR0\SX155.WAV"
MBBR0 "TRAIN\DR7\MBBR0\SX245.WAV"
MBBR0 "TRAIN\DR7\MBBR0\SX335.WAV"
MBBR0 "TRAIN\DR7\MBBR0\SX425.WAV"
MBBR0 "TRAIN\DR7\MBBR0\SX65.WAV"
MBML0 "TRAIN\DR7\MBML0\SA2.WAV"
MBML0 "TRAIN\DR7\MBML0\SI1169.WAV"
MBML0 "TRAIN\DR7\MBML0\SI1799.WAV"
MBML0 "TRAIN\DR7\MBML0\SI539.WAV"
MBML0 "TRAIN\DR7\MBML0\SX179.WAV"
MBML0 "TRAIN\DR7\MBML0\SX269.WAV"
MBML0 "TRAIN\DR7\MBML0\SX359.WAV"
MBML0 "TRAIN\DR7\MBML0\SX449.WAV"
MBML0 "TRAIN\DR7\MBML0\SX89.WAV"
MBOM0 "TRAIN\DR7\MBOM0\SA2.WAV"
MBOM0 "TRAIN\DR7\MBOM0\SI1014.WAV"
MBOM0 "TRAIN\DR7\MBOM0\SI1644.WAV"
MBOM0 "TRAIN\DR7\MBOM0\SI2274.WAV"
MBOM0 "TRAIN\DR7\MBOM0\SX114.WAV"
MBOM0 "TRAIN\DR7\MBOM0\SX204.WAV"
MBOM0 "TRAIN\DR7\MBOM0\SX294.WAV"
MBOM0 "TRAIN\DR7\MBOM0\SX311.WAV"
MBOM0 "TRAIN\DR7\MBOM0\SX384.WAV"
MBTH0 "TRAIN\DR7\MBTH0\SA2.WAV"
MBTH0 "TRAIN\DR7\MBTH0\SI2102.WAV"
MBTH0 "TRAIN\DR7\MBTH0\SI505.WAV"
MBTH0 "TRAIN\DR7\MBTH0\SI757.WAV"
MBTH0 "TRAIN\DR7\MBTH0\SX122.WAV"
MBTH0 "TRAIN\DR7\MBTH0\SX212.WAV"
MBTH0 "TRAIN\DR7\MBTH0\SX302.WAV"
MBTH0 "TRAIN\DR7\MBTH0\SX32.WAV"
MBTH0 "TRAIN\DR7\MBTH0\SX392.WAV"
MCLK0 "TRAIN\DR7\MCLK0\SA2.WAV"
MCLK0 "TRAIN\DR7\MCLK0\SI1660.WAV"
MCLK0 "TRAIN\DR7\MCLK0\SI2290.WAV"
MCLK0 "TRAIN\DR7\MCLK0\SI650.WAV"
MCLK0 "TRAIN\DR7\MCLK0\SX130.WAV"
MCLK0 "TRAIN\DR7\MCLK0\SX220.WAV"
MCLK0 "TRAIN\DR7\MCLK0\SX310.WAV"
MCLK0 "TRAIN\DR7\MCLK0\SX40.WAV"
MCLK0 "TRAIN\DR7\MCLK0\SX400.WAV"
MCRE0 "TRAIN\DR7\MCRE0\SA2.WAV"
MCRE0 "TRAIN\DR7\MCRE0\SI1121.WAV"
MCRE0 "TRAIN\DR7\MCRE0\SI1725.WAV"
MCRE0 "TRAIN\DR7\MCRE0\SI1751.WAV"
MCRE0 "TRAIN\DR7\MCRE0\SX131.WAV"
MCRE0 "TRAIN\DR7\MCRE0\SX221.WAV"
MCRE0 "TRAIN\DR7\MCRE0\SX24.WAV"
MCRE0 "TRAIN\DR7\MCRE0\SX401.WAV"
MCRE0 "TRAIN\DR7\MCRE0\SX41.WAV"
MCTH0 "TRAIN\DR7\MCTH0\SA2.WAV"
MCTH0 "TRAIN\DR7\MCTH0\SI1209.WAV"
MCTH0 "TRAIN\DR7\MCTH0\SI1839.WAV"
MCTH0 "TRAIN\DR7\MCTH0\SI579.WAV"
MCTH0 "TRAIN\DR7\MCTH0\SX129.WAV"
MCTH0 "TRAIN\DR7\MCTH0\SX219.WAV"
MCTH0 "TRAIN\DR7\MCTH0\SX309.WAV"
MCTH0 "TRAIN\DR7\MCTH0\SX39.WAV"
MCTH0 "TRAIN\DR7\MCTH0\SX399.WAV"
MDCM0 "TRAIN\DR7\MDCM0\SA2.WAV"
MDCM0 "TRAIN\DR7\MDCM0\SI1480.WAV"
MDCM0 "TRAIN\DR7\MDCM0\SI2110.WAV"
MDCM0 "TRAIN\DR7\MDCM0\SI850.WAV"
MDCM0 "TRAIN\DR7\MDCM0\SX130.WAV"
MDCM0 "TRAIN\DR7\MDCM0\SX220.WAV"
MDCM0 "TRAIN\DR7\MDCM0\SX310.WAV"
MDCM0 "TRAIN\DR7\MDCM0\SX40.WAV"
MDCM0 "TRAIN\DR7\MDCM0\SX400.WAV"
MDED0 "TRAIN\DR7\MDED0\SA2.WAV"
MDED0 "TRAIN\DR7\MDED0\SI1170.WAV"
MDED0 "TRAIN\DR7\MDED0\SI1800.WAV"
MDED0 "TRAIN\DR7\MDED0\SI540.WAV"
MDED0 "TRAIN\DR7\MDED0\SX180.WAV"
MDED0 "TRAIN\DR7\MDED0\SX270.WAV"
MDED0 "TRAIN\DR7\MDED0\SX360.WAV"
MDED0 "TRAIN\DR7\MDED0\SX450.WAV"
MDED0 "TRAIN\DR7\MDED0\SX90.WAV"
MDKS0 "TRAIN\DR7\MDKS0\SA2.WAV"
MDKS0 "TRAIN\DR7\MDKS0\SI1066.WAV"
MDKS0 "TRAIN\DR7\MDKS0\SI1696.WAV"
MDKS0 "TRAIN\DR7\MDKS0\SI2326.WAV"
MDKS0 "TRAIN\DR7\MDKS0\SX166.WAV"
MDKS0 "TRAIN\DR7\MDKS0\SX256.WAV"
MDKS0 "TRAIN\DR7\MDKS0\SX346.WAV"
MDKS0 "TRAIN\DR7\MDKS0\SX436.WAV"
MDKS0 "TRAIN\DR7\MDKS0\SX76.WAV"
MDLC1 "TRAIN\DR7\MDLC1\SA2.WAV"
MDLC1 "TRAIN\DR7\MDLC1\SI1435.WAV"
MDLC1 "TRAIN\DR7\MDLC1\SI2065.WAV"
MDLC1 "TRAIN\DR7\MDLC1\SI2144.WAV"
MDLC1 "TRAIN\DR7\MDLC1\SX175.WAV"
MDLC1 "TRAIN\DR7\MDLC1\SX265.WAV"
MDLC1 "TRAIN\DR7\MDLC1\SX355.WAV"
MDLC1 "TRAIN\DR7\MDLC1\SX445.WAV"
MDLC1 "TRAIN\DR7\MDLC1\SX85.WAV"
MDLM0 "TRAIN\DR7\MDLM0\SA2.WAV"
MDLM0 "TRAIN\DR7\MDLM0\SI1234.WAV"
MDLM0 "TRAIN\DR7\MDLM0\SI1864.WAV"
MDLM0 "TRAIN\DR7\MDLM0\SI604.WAV"
MDLM0 "TRAIN\DR7\MDLM0\SX154.WAV"
MDLM0 "TRAIN\DR7\MDLM0\SX244.WAV"
MDLM0 "TRAIN\DR7\MDLM0\SX334.WAV"
MDLM0 "TRAIN\DR7\MDLM0\SX424.WAV"
MDLM0 "TRAIN\DR7\MDLM0\SX64.WAV"
MDLR0 "TRAIN\DR7\MDLR0\SA2.WAV"
MDLR0 "TRAIN\DR7\MDLR0\SI1233.WAV"
MDLR0 "TRAIN\DR7\MDLR0\SI1863.WAV"
MDLR0 "TRAIN\DR7\MDLR0\SI603.WAV"
MDLR0 "TRAIN\DR7\MDLR0\SX153.WAV"
MDLR0 "TRAIN\DR7\MDLR0\SX243.WAV"
MDLR0 "TRAIN\DR7\MDLR0\SX333.WAV"
MDLR0 "TRAIN\DR7\MDLR0\SX423.WAV"
MDLR0 "TRAIN\DR7\MDLR0\SX63.WAV"
MDLR1 "TRAIN\DR7\MDLR1\SA2.WAV"
MDLR1 "TRAIN\DR7\MDLR1\SI1299.WAV"
MDLR1 "TRAIN\DR7\MDLR1\SI1929.WAV"
MDLR1 "TRAIN\DR7\MDLR1\SI669.WAV"
MDLR1 "TRAIN\DR7\MDLR1\SX129.WAV"
MDLR1 "TRAIN\DR7\MDLR1\SX219.WAV"
MDLR1 "TRAIN\DR7\MDLR1\SX309.WAV"
MDLR1 "TRAIN\DR7\MDLR1\SX39.WAV"
MDLR1 "TRAIN\DR7\MDLR1\SX399.WAV"
MDPB0 "TRAIN\DR7\MDPB0\SA2.WAV"
MDPB0 "TRAIN\DR7\MDPB0\SI1760.WAV"
MDPB0 "TRAIN\DR7\MDPB0\SI2126.WAV"
MDPB0 "TRAIN\DR7\MDPB0\SI866.WAV"
MDPB0 "TRAIN\DR7\MDPB0\SX146.WAV"
MDPB0 "TRAIN\DR7\MDPB0\SX236.WAV"
MDPB0 "TRAIN\DR7\MDPB0\SX326.WAV"
MDPB0 "TRAIN\DR7\MDPB0\SX416.WAV"
MDPB0 "TRAIN\DR7\MDPB0\SX56.WAV"
MFXS0 "TRAIN\DR7\MFXS0\SA2.WAV"
MFXS0 "TRAIN\DR7\MFXS0\SI1674.WAV"
MFXS0 "TRAIN\DR7\MFXS0\SI2225.WAV"
MFXS0 "TRAIN\DR7\MFXS0\SI2304.WAV"
MFXS0 "TRAIN\DR7\MFXS0\SX144.WAV"
MFXS0 "TRAIN\DR7\MFXS0\SX234.WAV"
MFXS0 "TRAIN\DR7\MFXS0\SX324.WAV"
MFXS0 "TRAIN\DR7\MFXS0\SX414.WAV"
MFXS0 "TRAIN\DR7\MFXS0\SX54.WAV"
MFXV0 "TRAIN\DR7\MFXV0\SA2.WAV"
MFXV0 "TRAIN\DR7\MFXV0\SI1005.WAV"
MFXV0 "TRAIN\DR7\MFXV0\SI1342.WAV"
MFXV0 "TRAIN\DR7\MFXV0\SI1635.WAV"
MFXV0 "TRAIN\DR7\MFXV0\SX105.WAV"
MFXV0 "TRAIN\DR7\MFXV0\SX15.WAV"
MFXV0 "TRAIN\DR7\MFXV0\SX195.WAV"
MFXV0 "TRAIN\DR7\MFXV0\SX285.WAV"
MFXV0 "TRAIN\DR7\MFXV0\SX375.WAV"
MGAK0 "TRAIN\DR7\MGAK0\SA2.WAV"
MGAK0 "TRAIN\DR7\MGAK0\SI1036.WAV"
MGAK0 "TRAIN\DR7\MGAK0\SI1666.WAV"
MGAK0 "TRAIN\DR7\MGAK0\SI2296.WAV"
MGAK0 "TRAIN\DR7\MGAK0\SX136.WAV"
MGAK0 "TRAIN\DR7\MGAK0\SX226.WAV"
MGAK0 "TRAIN\DR7\MGAK0\SX316.WAV"
MGAK0 "TRAIN\DR7\MGAK0\SX406.WAV"
MGAK0 "TRAIN\DR7\MGAK0\SX46.WAV"
MGAR0 "TRAIN\DR7\MGAR0\SA2.WAV"
MGAR0 "TRAIN\DR7\MGAR0\SI1212.WAV"
MGAR0 "TRAIN\DR7\MGAR0\SI1694.WAV"
MGAR0 "TRAIN\DR7\MGAR0\SI1842.WAV"
MGAR0 "TRAIN\DR7\MGAR0\SX132.WAV"
MGAR0 "TRAIN\DR7\MGAR0\SX222.WAV"
MGAR0 "TRAIN\DR7\MGAR0\SX312.WAV"
MGAR0 "TRAIN\DR7\MGAR0\SX402.WAV"
MGAR0 "TRAIN\DR7\MGAR0\SX42.WAV"
MGAW0 "TRAIN\DR7\MGAW0\SA2.WAV"
MGAW0 "TRAIN\DR7\MGAW0\SI1165.WAV"
MGAW0 "TRAIN\DR7\MGAW0\SI1802.WAV"
MGAW0 "TRAIN\DR7\MGAW0\SI535.WAV"
MGAW0 "TRAIN\DR7\MGAW0\SX175.WAV"
MGAW0 "TRAIN\DR7\MGAW0\SX265.WAV"
MGAW0 "TRAIN\DR7\MGAW0\SX355.WAV"
MGAW0 "TRAIN\DR7\MGAW0\SX445.WAV"
MGAW0 "TRAIN\DR7\MGAW0\SX85.WAV"
MGSL0 "TRAIN\DR7\MGSL0\SA2.WAV"
MGSL0 "TRAIN\DR7\MGSL0\SI1164.WAV"
MGSL0 "TRAIN\DR7\MGSL0\SI534.WAV"
MGSL0 "TRAIN\DR7\MGSL0\SI797.WAV"
MGSL0 "TRAIN\DR7\MGSL0\SX174.WAV"
MGSL0 "TRAIN\DR7\MGSL0\SX264.WAV"
MGSL0 "TRAIN\DR7\MGSL0\SX354.WAV"
MGSL0 "TRAIN\DR7\MGSL0\SX444.WAV"
MGSL0 "TRAIN\DR7\MGSL0\SX84.WAV"
MHBS0 "TRAIN\DR7\MHBS0\SA2.WAV"
MHBS0 "TRAIN\DR7\MHBS0\SI1575.WAV"
MHBS0 "TRAIN\DR7\MHBS0\SI2205.WAV"
MHBS0 "TRAIN\DR7\MHBS0\SI945.WAV"
MHBS0 "TRAIN\DR7\MHBS0\SX135.WAV"
MHBS0 "TRAIN\DR7\MHBS0\SX225.WAV"
MHBS0 "TRAIN\DR7\MHBS0\SX315.WAV"
MHBS0 "TRAIN\DR7\MHBS0\SX405.WAV"
MHBS0 "TRAIN\DR7\MHBS0\SX45.WAV"
MHXL0 "TRAIN\DR7\MHXL0\SA2.WAV"
MHXL0 "TRAIN\DR7\MHXL0\SI1772.WAV"
MHXL0 "TRAIN\DR7\MHXL0\SI512.WAV"
MHXL0 "TRAIN\DR7\MHXL0\SI612.WAV"
MHXL0 "TRAIN\DR7\MHXL0\SX152.WAV"
MHXL0 "TRAIN\DR7\MHXL0\SX242.WAV"
MHXL0 "TRAIN\DR7\MHXL0\SX332.WAV"
MHXL0 "TRAIN\DR7\MHXL0\SX422.WAV"
MHXL0 "TRAIN\DR7\MHXL0\SX62.WAV"
MJAI0 "TRAIN\DR7\MJAI0\SA2.WAV"
MJAI0 "TRAIN\DR7\MJAI0\SI1604.WAV"
MJAI0 "TRAIN\DR7\MJAI0\SI682.WAV"
MJAI0 "TRAIN\DR7\MJAI0\SI710.WAV"
MJAI0 "TRAIN\DR7\MJAI0\SX164.WAV"
MJAI0 "TRAIN\DR7\MJAI0\SX254.WAV"
MJAI0 "TRAIN\DR7\MJAI0\SX344.WAV"
MJAI0 "TRAIN\DR7\MJAI0\SX434.WAV"
MJAI0 "TRAIN\DR7\MJAI0\SX74.WAV"
MJDG0 "TRAIN\DR7\MJDG0\SA2.WAV"
MJDG0 "TRAIN\DR7\MJDG0\SI1042.WAV"
MJDG0 "TRAIN\DR7\MJDG0\SI1672.WAV"
MJDG0 "TRAIN\DR7\MJDG0\SI1705.WAV"
MJDG0 "TRAIN\DR7\MJDG0\SX142.WAV"
MJDG0 "TRAIN\DR7\MJDG0\SX232.WAV"
MJDG0 "TRAIN\DR7\MJDG0\SX322.WAV"
MJDG0 "TRAIN\DR7\MJDG0\SX412.WAV"
MJDG0 "TRAIN\DR7\MJDG0\SX52.WAV"
MJFR0 "TRAIN\DR7\MJFR0\SA2.WAV"
MJFR0 "TRAIN\DR7\MJFR0\SI1605.WAV"
MJFR0 "TRAIN\DR7\MJFR0\SI2235.WAV"
MJFR0 "TRAIN\DR7\MJFR0\SI975.WAV"
MJFR0 "TRAIN\DR7\MJFR0\SX165.WAV"
MJFR0 "TRAIN\DR7\MJFR0\SX255.WAV"
MJFR0 "TRAIN\DR7\MJFR0\SX345.WAV"
MJFR0 "TRAIN\DR7\MJFR0\SX435.WAV"
MJFR0 "TRAIN\DR7\MJFR0\SX75.WAV"
MJJM0 "TRAIN\DR7\MJJM0\SA2.WAV"
MJJM0 "TRAIN\DR7\MJJM0\SI1251.WAV"
MJJM0 "TRAIN\DR7\MJJM0\SI1457.WAV"
MJJM0 "TRAIN\DR7\MJJM0\SI827.WAV"
MJJM0 "TRAIN\DR7\MJJM0\SX107.WAV"
MJJM0 "TRAIN\DR7\MJJM0\SX17.WAV"
MJJM0 "TRAIN\DR7\MJJM0\SX197.WAV"
MJJM0 "TRAIN\DR7\MJJM0\SX287.WAV"
MJJM0 "TRAIN\DR7\MJJM0\SX377.WAV"
MJRA0 "TRAIN\DR7\MJRA0\SA2.WAV"
MJRA0 "TRAIN\DR7\MJRA0\SI1236.WAV"
MJRA0 "TRAIN\DR7\MJRA0\SI1866.WAV"
MJRA0 "TRAIN\DR7\MJRA0\SI606.WAV"
MJRA0 "TRAIN\DR7\MJRA0\SX156.WAV"
MJRA0 "TRAIN\DR7\MJRA0\SX246.WAV"
MJRA0 "TRAIN\DR7\MJRA0\SX336.WAV"
MJRA0 "TRAIN\DR7\MJRA0\SX426.WAV"
MJRA0 "TRAIN\DR7\MJRA0\SX66.WAV"
MKAG0 "TRAIN\DR7\MKAG0\SA2.WAV"
MKAG0 "TRAIN\DR7\MKAG0\SI1609.WAV"
MKAG0 "TRAIN\DR7\MKAG0\SI2239.WAV"
MKAG0 "TRAIN\DR7\MKAG0\SI979.WAV"
MKAG0 "TRAIN\DR7\MKAG0\SX169.WAV"
MKAG0 "TRAIN\DR7\MKAG0\SX259.WAV"
MKAG0 "TRAIN\DR7\MKAG0\SX30.WAV"
MKAG0 "TRAIN\DR7\MKAG0\SX439.WAV"
MKAG0 "TRAIN\DR7\MKAG0\SX79.WAV"
MKDB0 "TRAIN\DR7\MKDB0\SA2.WAV"
MKDB0 "TRAIN\DR7\MKDB0\SI2132.WAV"
MKDB0 "TRAIN\DR7\MKDB0\SI588.WAV"
MKDB0 "TRAIN\DR7\MKDB0\SI872.WAV"
MKDB0 "TRAIN\DR7\MKDB0\SX152.WAV"
MKDB0 "TRAIN\DR7\MKDB0\SX242.WAV"
MKDB0 "TRAIN\DR7\MKDB0\SX332.WAV"
MKDB0 "TRAIN\DR7\MKDB0\SX422.WAV"
MKDB0 "TRAIN\DR7\MKDB0\SX62.WAV"
MKLR0 "TRAIN\DR7\MKLR0\SA2.WAV"
MKLR0 "TRAIN\DR7\MKLR0\SI1059.WAV"
MKLR0 "TRAIN\DR7\MKLR0\SI1689.WAV"
MKLR0 "TRAIN\DR7\MKLR0\SI2319.WAV"
MKLR0 "TRAIN\DR7\MKLR0\SX159.WAV"
MKLR0 "TRAIN\DR7\MKLR0\SX249.WAV"
MKLR0 "TRAIN\DR7\MKLR0\SX339.WAV"
MKLR0 "TRAIN\DR7\MKLR0\SX429.WAV"
MKLR0 "TRAIN\DR7\MKLR0\SX69.WAV"
MMDG0 "TRAIN\DR7\MMDG0\SA2.WAV"
MMDG0 "TRAIN\DR7\MMDG0\SI1780.WAV"
MMDG0 "TRAIN\DR7\MMDG0\SI2035.WAV"
MMDG0 "TRAIN\DR7\MMDG0\SI520.WAV"
MMDG0 "TRAIN\DR7\MMDG0\SX160.WAV"
MMDG0 "TRAIN\DR7\MMDG0\SX250.WAV"
MMDG0 "TRAIN\DR7\MMDG0\SX340.WAV"
MMDG0 "TRAIN\DR7\MMDG0\SX430.WAV"
MMDG0 "TRAIN\DR7\MMDG0\SX70.WAV"
MMWS1 "TRAIN\DR7\MMWS1\SA2.WAV"
MMWS1 "TRAIN\DR7\MMWS1\SI1071.WAV"
MMWS1 "TRAIN\DR7\MMWS1\SI1701.WAV"
MMWS1 "TRAIN\DR7\MMWS1\SI2331.WAV"
MMWS1 "TRAIN\DR7\MMWS1\SX261.WAV"
MMWS1 "TRAIN\DR7\MMWS1\SX27.WAV"
MMWS1 "TRAIN\DR7\MMWS1\SX351.WAV"
MMWS1 "TRAIN\DR7\MMWS1\SX441.WAV"
MMWS1 "TRAIN\DR7\MMWS1\SX81.WAV"
MNTW0 "TRAIN\DR7\MNTW0\SA2.WAV"
MNTW0 "TRAIN\DR7\MNTW0\SI1068.WAV"
MNTW0 "TRAIN\DR7\MNTW0\SI1698.WAV"
MNTW0 "TRAIN\DR7\MNTW0\SI2328.WAV"
MNTW0 "TRAIN\DR7\MNTW0\SX168.WAV"
MNTW0 "TRAIN\DR7\MNTW0\SX202.WAV"
MNTW0 "TRAIN\DR7\MNTW0\SX258.WAV"
MNTW0 "TRAIN\DR7\MNTW0\SX348.WAV"
MNTW0 "TRAIN\DR7\MNTW0\SX78.WAV"
MPAR0 "TRAIN\DR7\MPAR0\SA2.WAV"
MPAR0 "TRAIN\DR7\MPAR0\SI1576.WAV"
MPAR0 "TRAIN\DR7\MPAR0\SI2206.WAV"
MPAR0 "TRAIN\DR7\MPAR0\SI946.WAV"
MPAR0 "TRAIN\DR7\MPAR0\SX136.WAV"
MPAR0 "TRAIN\DR7\MPAR0\SX226.WAV"
MPAR0 "TRAIN\DR7\MPAR0\SX316.WAV"
MPAR0 "TRAIN\DR7\MPAR0\SX406.WAV"
MPAR0 "TRAIN\DR7\MPAR0\SX46.WAV"
MPFU0 "TRAIN\DR7\MPFU0\SA2.WAV"
MPFU0 "TRAIN\DR7\MPFU0\SI1258.WAV"
MPFU0 "TRAIN\DR7\MPFU0\SI1888.WAV"
MPFU0 "TRAIN\DR7\MPFU0\SI628.WAV"
MPFU0 "TRAIN\DR7\MPFU0\SX178.WAV"
MPFU0 "TRAIN\DR7\MPFU0\SX268.WAV"
MPFU0 "TRAIN\DR7\MPFU0\SX358.WAV"
MPFU0 "TRAIN\DR7\MPFU0\SX448.WAV"
MPFU0 "TRAIN\DR7\MPFU0\SX88.WAV"
MREM0 "TRAIN\DR7\MREM0\SA2.WAV"
MREM0 "TRAIN\DR7\MREM0\SI1591.WAV"
MREM0 "TRAIN\DR7\MREM0\SI511.WAV"
MREM0 "TRAIN\DR7\MREM0\SI961.WAV"
MREM0 "TRAIN\DR7\MREM0\SX151.WAV"
MREM0 "TRAIN\DR7\MREM0\SX241.WAV"
MREM0 "TRAIN\DR7\MREM0\SX331.WAV"
MREM0 "TRAIN\DR7\MREM0\SX421.WAV"
MREM0 "TRAIN\DR7\MREM0\SX61.WAV"
MRLJ1 "TRAIN\DR7\MRLJ1\SA2.WAV"
MRLJ1 "TRAIN\DR7\MRLJ1\SI1671.WAV"
MRLJ1 "TRAIN\DR7\MRLJ1\SI2301.WAV"
MRLJ1 "TRAIN\DR7\MRLJ1\SI2332.WAV"
MRLJ1 "TRAIN\DR7\MRLJ1\SX141.WAV"
MRLJ1 "TRAIN\DR7\MRLJ1\SX231.WAV"
MRLJ1 "TRAIN\DR7\MRLJ1\SX321.WAV"
MRLJ1 "TRAIN\DR7\MRLJ1\SX411.WAV"
MRLJ1 "TRAIN\DR7\MRLJ1\SX51.WAV"
MRMG0 "TRAIN\DR7\MRMG0\SA2.WAV"
MRMG0 "TRAIN\DR7\MRMG0\SI1080.WAV"
MRMG0 "TRAIN\DR7\MRMG0\SI1710.WAV"
MRMG0 "TRAIN\DR7\MRMG0\SI2340.WAV"
MRMG0 "TRAIN\DR7\MRMG0\SX180.WAV"
MRMG0 "TRAIN\DR7\MRMG0\SX270.WAV"
MRMG0 "TRAIN\DR7\MRMG0\SX360.WAV"
MRMG0 "TRAIN\DR7\MRMG0\SX450.WAV"
MRMG0 "TRAIN\DR7\MRMG0\SX90.WAV"
MRMH0 "TRAIN\DR7\MRMH0\SA2.WAV"
MRMH0 "TRAIN\DR7\MRMH0\SI1021.WAV"
MRMH0 "TRAIN\DR7\MRMH0\SI1349.WAV"
MRMH0 "TRAIN\DR7\MRMH0\SI2281.WAV"
MRMH0 "TRAIN\DR7\MRMH0\SX121.WAV"
MRMH0 "TRAIN\DR7\MRMH0\SX211.WAV"
MRMH0 "TRAIN\DR7\MRMH0\SX301.WAV"
MRMH0 "TRAIN\DR7\MRMH0\SX31.WAV"
MRMH0 "TRAIN\DR7\MRMH0\SX391.WAV"
MRPC1 "TRAIN\DR7\MRPC1\SA2.WAV"
MRPC1 "TRAIN\DR7\MRPC1\SI1482.WAV"
MRPC1 "TRAIN\DR7\MRPC1\SI2026.WAV"
MRPC1 "TRAIN\DR7\MRPC1\SI2112.WAV"
MRPC1 "TRAIN\DR7\MRPC1\SX132.WAV"
MRPC1 "TRAIN\DR7\MRPC1\SX222.WAV"
MRPC1 "TRAIN\DR7\MRPC1\SX312.WAV"
MRPC1 "TRAIN\DR7\MRPC1\SX402.WAV"
MRPC1 "TRAIN\DR7\MRPC1\SX42.WAV"
MSAH1 "TRAIN\DR7\MSAH1\SA2.WAV"
MSAH1 "TRAIN\DR7\MSAH1\SI1049.WAV"
MSAH1 "TRAIN\DR7\MSAH1\SI1679.WAV"
MSAH1 "TRAIN\DR7\MSAH1\SI2309.WAV"
MSAH1 "TRAIN\DR7\MSAH1\SX149.WAV"
MSAH1 "TRAIN\DR7\MSAH1\SX239.WAV"
MSAH1 "TRAIN\DR7\MSAH1\SX329.WAV"
MSAH1 "TRAIN\DR7\MSAH1\SX419.WAV"
MSAH1 "TRAIN\DR7\MSAH1\SX59.WAV"
MSDB0 "TRAIN\DR7\MSDB0\SA2.WAV"
MSDB0 "TRAIN\DR7\MSDB0\SI1007.WAV"
MSDB0 "TRAIN\DR7\MSDB0\SI1637.WAV"
MSDB0 "TRAIN\DR7\MSDB0\SI2267.WAV"
MSDB0 "TRAIN\DR7\MSDB0\SX107.WAV"
MSDB0 "TRAIN\DR7\MSDB0\SX17.WAV"
MSDB0 "TRAIN\DR7\MSDB0\SX197.WAV"
MSDB0 "TRAIN\DR7\MSDB0\SX287.WAV"
MSDB0 "TRAIN\DR7\MSDB0\SX377.WAV"
MSES0 "TRAIN\DR7\MSES0\SA2.WAV"
MSES0 "TRAIN\DR7\MSES0\SI1589.WAV"
MSES0 "TRAIN\DR7\MSES0\SI2216.WAV"
MSES0 "TRAIN\DR7\MSES0\SI2219.WAV"
MSES0 "TRAIN\DR7\MSES0\SX149.WAV"
MSES0 "TRAIN\DR7\MSES0\SX239.WAV"
MSES0 "TRAIN\DR7\MSES0\SX329.WAV"
MSES0 "TRAIN\DR7\MSES0\SX419.WAV"
MSES0 "TRAIN\DR7\MSES0\SX59.WAV"
MTAB0 "TRAIN\DR7\MTAB0\SA2.WAV"
MTAB0 "TRAIN\DR7\MTAB0\SI1572.WAV"
MTAB0 "TRAIN\DR7\MTAB0\SI2202.WAV"
MTAB0 "TRAIN\DR7\MTAB0\SI942.WAV"
MTAB0 "TRAIN\DR7\MTAB0\SX132.WAV"
MTAB0 "TRAIN\DR7\MTAB0\SX222.WAV"
MTAB0 "TRAIN\DR7\MTAB0\SX312.WAV"
MTAB0 "TRAIN\DR7\MTAB0\SX402.WAV"
MTAB0 "TRAIN\DR7\MTAB0\SX42.WAV"
MTER0 "TRAIN\DR7\MTER0\SA2.WAV"
MTER0 "TRAIN\DR7\MTER0\SI1157.WAV"
MTER0 "TRAIN\DR7\MTER0\SI1787.WAV"
MTER0 "TRAIN\DR7\MTER0\SI527.WAV"
MTER0 "TRAIN\DR7\MTER0\SX167.WAV"
MTER0 "TRAIN\DR7\MTER0\SX17.WAV"
MTER0 "TRAIN\DR7\MTER0\SX257.WAV"
MTER0 "TRAIN\DR7\MTER0\SX437.WAV"
MTER0 "TRAIN\DR7\MTER0\SX77.WAV"
MTKD0 "TRAIN\DR7\MTKD0\SA2.WAV"
MTKD0 "TRAIN\DR7\MTKD0\SI1187.WAV"
MTKD0 "TRAIN\DR7\MTKD0\SI1817.WAV"
MTKD0 "TRAIN\DR7\MTKD0\SI630.WAV"
MTKD0 "TRAIN\DR7\MTKD0\SX107.WAV"
MTKD0 "TRAIN\DR7\MTKD0\SX17.WAV"
MTKD0 "TRAIN\DR7\MTKD0\SX197.WAV"
MTKD0 "TRAIN\DR7\MTKD0\SX287.WAV"
MTKD0 "TRAIN\DR7\MTKD0\SX377.WAV"
MTLC0 "TRAIN\DR7\MTLC0\SA2.WAV"
MTLC0 "TRAIN\DR7\MTLC0\SI1313.WAV"
MTLC0 "TRAIN\DR7\MTLC0\SI1477.WAV"
MTLC0 "TRAIN\DR7\MTLC0\SI847.WAV"
MTLC0 "TRAIN\DR7\MTLC0\SX127.WAV"
MTLC0 "TRAIN\DR7\MTLC0\SX217.WAV"
MTLC0 "TRAIN\DR7\MTLC0\SX307.WAV"
MTLC0 "TRAIN\DR7\MTLC0\SX37.WAV"
MTLC0 "TRAIN\DR7\MTLC0\SX397.WAV"
MTML0 "TRAIN\DR7\MTML0\SA2.WAV"
MTML0 "TRAIN\DR7\MTML0\SI1065.WAV"
MTML0 "TRAIN\DR7\MTML0\SI1695.WAV"
MTML0 "TRAIN\DR7\MTML0\SI2325.WAV"
MTML0 "TRAIN\DR7\MTML0\SX165.WAV"
MTML0 "TRAIN\DR7\MTML0\SX255.WAV"
MTML0 "TRAIN\DR7\MTML0\SX345.WAV"
MTML0 "TRAIN\DR7\MTML0\SX435.WAV"
MTML0 "TRAIN\DR7\MTML0\SX75.WAV"
MTMN0 "TRAIN\DR7\MTMN0\SA2.WAV"
MTMN0 "TRAIN\DR7\MTMN0\SI1064.WAV"
MTMN0 "TRAIN\DR7\MTMN0\SI2324.WAV"
MTMN0 "TRAIN\DR7\MTMN0\SI582.WAV"
MTMN0 "TRAIN\DR7\MTMN0\SX164.WAV"
MTMN0 "TRAIN\DR7\MTMN0\SX254.WAV"
MTMN0 "TRAIN\DR7\MTMN0\SX344.WAV"
MTMN0 "TRAIN\DR7\MTMN0\SX434.WAV"
MTMN0 "TRAIN\DR7\MTMN0\SX74.WAV"
MTPR0 "TRAIN\DR7\MTPR0\SA2.WAV"
MTPR0 "TRAIN\DR7\MTPR0\SI1600.WAV"
MTPR0 "TRAIN\DR7\MTPR0\SI2230.WAV"
MTPR0 "TRAIN\DR7\MTPR0\SI506.WAV"
MTPR0 "TRAIN\DR7\MTPR0\SX160.WAV"
MTPR0 "TRAIN\DR7\MTPR0\SX250.WAV"
MTPR0 "TRAIN\DR7\MTPR0\SX340.WAV"
MTPR0 "TRAIN\DR7\MTPR0\SX430.WAV"
MTPR0 "TRAIN\DR7\MTPR0\SX70.WAV"
MTWH1 "TRAIN\DR7\MTWH1\SA2.WAV"
MTWH1 "TRAIN\DR7\MTWH1\SI1512.WAV"
MTWH1 "TRAIN\DR7\MTWH1\SI2142.WAV"
MTWH1 "TRAIN\DR7\MTWH1\SI882.WAV"
MTWH1 "TRAIN\DR7\MTWH1\SX162.WAV"
MTWH1 "TRAIN\DR7\MTWH1\SX252.WAV"
MTWH1 "TRAIN\DR7\MTWH1\SX342.WAV"
MTWH1 "TRAIN\DR7\MTWH1\SX432.WAV"
MTWH1 "TRAIN\DR7\MTWH1\SX72.WAV"
MVRW0 "TRAIN\DR7\MVRW0\SA2.WAV"
MVRW0 "TRAIN\DR7\MVRW0\SI1485.WAV"
MVRW0 "TRAIN\DR7\MVRW0\SI2115.WAV"
MVRW0 "TRAIN\DR7\MVRW0\SI855.WAV"
MVRW0 "TRAIN\DR7\MVRW0\SX135.WAV"
MVRW0 "TRAIN\DR7\MVRW0\SX225.WAV"
MVRW0 "TRAIN\DR7\MVRW0\SX315.WAV"
MVRW0 "TRAIN\DR7\MVRW0\SX405.WAV"
MVRW0 "TRAIN\DR7\MVRW0\SX45.WAV"
MWRE0 "TRAIN\DR7\MWRE0\SA2.WAV"
MWRE0 "TRAIN\DR7\MWRE0\SI1057.WAV"
MWRE0 "TRAIN\DR7\MWRE0\SI1687.WAV"
MWRE0 "TRAIN\DR7\MWRE0\SI2317.WAV"
MWRE0 "TRAIN\DR7\MWRE0\SX157.WAV"
MWRE0 "TRAIN\DR7\MWRE0\SX247.WAV"
MWRE0 "TRAIN\DR7\MWRE0\SX337.WAV"
MWRE0 "TRAIN\DR7\MWRE0\SX427.WAV"
MWRE0 "TRAIN\DR7\MWRE0\SX67.WAV"
MWRP0 "TRAIN\DR7\MWRP0\SA2.WAV"
MWRP0 "TRAIN\DR7\MWRP0\SI1443.WAV"
MWRP0 "TRAIN\DR7\MWRP0\SI1525.WAV"
MWRP0 "TRAIN\DR7\MWRP0\SI2073.WAV"
MWRP0 "TRAIN\DR7\MWRP0\SX183.WAV"
MWRP0 "TRAIN\DR7\MWRP0\SX273.WAV"
MWRP0 "TRAIN\DR7\MWRP0\SX3.WAV"
MWRP0 "TRAIN\DR7\MWRP0\SX363.WAV"
MWRP0 "TRAIN\DR7\MWRP0\SX93.WAV"
FBCG1 "TRAIN\DR8\FBCG1\SA2.WAV"
FBCG1 "TRAIN\DR8\FBCG1\SI1612.WAV"
FBCG1 "TRAIN\DR8\FBCG1\SI2242.WAV"
FBCG1 "TRAIN\DR8\FBCG1\SI982.WAV"
FBCG1 "TRAIN\DR8\FBCG1\SX172.WAV"
FBCG1 "TRAIN\DR8\FBCG1\SX262.WAV"
FBCG1 "TRAIN\DR8\FBCG1\SX352.WAV"
FBCG1 "TRAIN\DR8\FBCG1\SX442.WAV"
FBCG1 "TRAIN\DR8\FBCG1\SX82.WAV"
FCEG0 "TRAIN\DR8\FCEG0\SA2.WAV"
FCEG0 "TRAIN\DR8\FCEG0\SI1248.WAV"
FCEG0 "TRAIN\DR8\FCEG0\SI1878.WAV"
FCEG0 "TRAIN\DR8\FCEG0\SI618.WAV"
FCEG0 "TRAIN\DR8\FCEG0\SX168.WAV"
FCEG0 "TRAIN\DR8\FCEG0\SX258.WAV"
FCEG0 "TRAIN\DR8\FCEG0\SX348.WAV"
FCEG0 "TRAIN\DR8\FCEG0\SX438.WAV"
FCEG0 "TRAIN\DR8\FCEG0\SX78.WAV"
FCLT0 "TRAIN\DR8\FCLT0\SA2.WAV"
FCLT0 "TRAIN\DR8\FCLT0\SI1438.WAV"
FCLT0 "TRAIN\DR8\FCLT0\SI2068.WAV"
FCLT0 "TRAIN\DR8\FCLT0\SI808.WAV"
FCLT0 "TRAIN\DR8\FCLT0\SX178.WAV"
FCLT0 "TRAIN\DR8\FCLT0\SX268.WAV"
FCLT0 "TRAIN\DR8\FCLT0\SX358.WAV"
FCLT0 "TRAIN\DR8\FCLT0\SX448.WAV"
FCLT0 "TRAIN\DR8\FCLT0\SX88.WAV"
FJRB0 "TRAIN\DR8\FJRB0\SA2.WAV"
FJRB0 "TRAIN\DR8\FJRB0\SI1302.WAV"
FJRB0 "TRAIN\DR8\FJRB0\SI1932.WAV"
FJRB0 "TRAIN\DR8\FJRB0\SI672.WAV"
FJRB0 "TRAIN\DR8\FJRB0\SX132.WAV"
FJRB0 "TRAIN\DR8\FJRB0\SX222.WAV"
FJRB0 "TRAIN\DR8\FJRB0\SX312.WAV"
FJRB0 "TRAIN\DR8\FJRB0\SX402.WAV"
FJRB0 "TRAIN\DR8\FJRB0\SX42.WAV"
FKLH0 "TRAIN\DR8\FKLH0\SA2.WAV"
FKLH0 "TRAIN\DR8\FKLH0\SI1257.WAV"
FKLH0 "TRAIN\DR8\FKLH0\SI1887.WAV"
FKLH0 "TRAIN\DR8\FKLH0\SI627.WAV"
FKLH0 "TRAIN\DR8\FKLH0\SX177.WAV"
FKLH0 "TRAIN\DR8\FKLH0\SX267.WAV"
FKLH0 "TRAIN\DR8\FKLH0\SX357.WAV"
FKLH0 "TRAIN\DR8\FKLH0\SX447.WAV"
FKLH0 "TRAIN\DR8\FKLH0\SX87.WAV"
FMBG0 "TRAIN\DR8\FMBG0\SA2.WAV"
FMBG0 "TRAIN\DR8\FMBG0\SI1160.WAV"
FMBG0 "TRAIN\DR8\FMBG0\SI1790.WAV"
FMBG0 "TRAIN\DR8\FMBG0\SI2264.WAV"
FMBG0 "TRAIN\DR8\FMBG0\SX260.WAV"
FMBG0 "TRAIN\DR8\FMBG0\SX3.WAV"
FMBG0 "TRAIN\DR8\FMBG0\SX350.WAV"
FMBG0 "TRAIN\DR8\FMBG0\SX440.WAV"
FMBG0 "TRAIN\DR8\FMBG0\SX80.WAV"
FNKL0 "TRAIN\DR8\FNKL0\SA2.WAV"
FNKL0 "TRAIN\DR8\FNKL0\SI1522.WAV"
FNKL0 "TRAIN\DR8\FNKL0\SI2152.WAV"
FNKL0 "TRAIN\DR8\FNKL0\SI892.WAV"
FNKL0 "TRAIN\DR8\FNKL0\SX172.WAV"
FNKL0 "TRAIN\DR8\FNKL0\SX196.WAV"
FNKL0 "TRAIN\DR8\FNKL0\SX262.WAV"
FNKL0 "TRAIN\DR8\FNKL0\SX442.WAV"
FNKL0 "TRAIN\DR8\FNKL0\SX82.WAV"
FPLS0 "TRAIN\DR8\FPLS0\SA2.WAV"
FPLS0 "TRAIN\DR8\FPLS0\SI1590.WAV"
FPLS0 "TRAIN\DR8\FPLS0\SI2220.WAV"
FPLS0 "TRAIN\DR8\FPLS0\SI960.WAV"
FPLS0 "TRAIN\DR8\FPLS0\SX150.WAV"
FPLS0 "TRAIN\DR8\FPLS0\SX240.WAV"
FPLS0 "TRAIN\DR8\FPLS0\SX3.WAV"
FPLS0 "TRAIN\DR8\FPLS0\SX330.WAV"
FPLS0 "TRAIN\DR8\FPLS0\SX60.WAV"
MBCG0 "TRAIN\DR8\MBCG0\SA2.WAV"
MBCG0 "TRAIN\DR8\MBCG0\SI2217.WAV"
MBCG0 "TRAIN\DR8\MBCG0\SI486.WAV"
MBCG0 "TRAIN\DR8\MBCG0\SI957.WAV"
MBCG0 "TRAIN\DR8\MBCG0\SX147.WAV"
MBCG0 "TRAIN\DR8\MBCG0\SX237.WAV"
MBCG0 "TRAIN\DR8\MBCG0\SX327.WAV"
MBCG0 "TRAIN\DR8\MBCG0\SX417.WAV"
MBCG0 "TRAIN\DR8\MBCG0\SX57.WAV"
MBSB0 "TRAIN\DR8\MBSB0\SA2.WAV"
MBSB0 "TRAIN\DR8\MBSB0\SI1353.WAV"
MBSB0 "TRAIN\DR8\MBSB0\SI1983.WAV"
MBSB0 "TRAIN\DR8\MBSB0\SI723.WAV"
MBSB0 "TRAIN\DR8\MBSB0\SX183.WAV"
MBSB0 "TRAIN\DR8\MBSB0\SX273.WAV"
MBSB0 "TRAIN\DR8\MBSB0\SX3.WAV"
MBSB0 "TRAIN\DR8\MBSB0\SX363.WAV"
MBSB0 "TRAIN\DR8\MBSB0\SX93.WAV"
MCXM0 "TRAIN\DR8\MCXM0\SA2.WAV"
MCXM0 "TRAIN\DR8\MCXM0\SI1351.WAV"
MCXM0 "TRAIN\DR8\MCXM0\SI1981.WAV"
MCXM0 "TRAIN\DR8\MCXM0\SI721.WAV"
MCXM0 "TRAIN\DR8\MCXM0\SX181.WAV"
MCXM0 "TRAIN\DR8\MCXM0\SX271.WAV"
MCXM0 "TRAIN\DR8\MCXM0\SX361.WAV"
MCXM0 "TRAIN\DR8\MCXM0\SX451.WAV"
MCXM0 "TRAIN\DR8\MCXM0\SX91.WAV"
MEJS0 "TRAIN\DR8\MEJS0\SA2.WAV"
MEJS0 "TRAIN\DR8\MEJS0\SI1240.WAV"
MEJS0 "TRAIN\DR8\MEJS0\SI1870.WAV"
MEJS0 "TRAIN\DR8\MEJS0\SI610.WAV"
MEJS0 "TRAIN\DR8\MEJS0\SX160.WAV"
MEJS0 "TRAIN\DR8\MEJS0\SX250.WAV"
MEJS0 "TRAIN\DR8\MEJS0\SX340.WAV"
MEJS0 "TRAIN\DR8\MEJS0\SX430.WAV"
MEJS0 "TRAIN\DR8\MEJS0\SX70.WAV"
MKDD0 "TRAIN\DR8\MKDD0\SA2.WAV"
MKDD0 "TRAIN\DR8\MKDD0\SI1567.WAV"
MKDD0 "TRAIN\DR8\MKDD0\SI2197.WAV"
MKDD0 "TRAIN\DR8\MKDD0\SI937.WAV"
MKDD0 "TRAIN\DR8\MKDD0\SX127.WAV"
MKDD0 "TRAIN\DR8\MKDD0\SX217.WAV"
MKDD0 "TRAIN\DR8\MKDD0\SX307.WAV"
MKDD0 "TRAIN\DR8\MKDD0\SX37.WAV"
MKDD0 "TRAIN\DR8\MKDD0\SX397.WAV"
MKRG0 "TRAIN\DR8\MKRG0\SA2.WAV"
MKRG0 "TRAIN\DR8\MKRG0\SI1491.WAV"
MKRG0 "TRAIN\DR8\MKRG0\SI2121.WAV"
MKRG0 "TRAIN\DR8\MKRG0\SI861.WAV"
MKRG0 "TRAIN\DR8\MKRG0\SX141.WAV"
MKRG0 "TRAIN\DR8\MKRG0\SX231.WAV"
MKRG0 "TRAIN\DR8\MKRG0\SX31.WAV"
MKRG0 "TRAIN\DR8\MKRG0\SX411.WAV"
MKRG0 "TRAIN\DR8\MKRG0\SX51.WAV"
MMEA0 "TRAIN\DR8\MMEA0\SA2.WAV"
MMEA0 "TRAIN\DR8\MMEA0\SI1388.WAV"
MMEA0 "TRAIN\DR8\MMEA0\SI2018.WAV"
MMEA0 "TRAIN\DR8\MMEA0\SI758.WAV"
MMEA0 "TRAIN\DR8\MMEA0\SX128.WAV"
MMEA0 "TRAIN\DR8\MMEA0\SX218.WAV"
MMEA0 "TRAIN\DR8\MMEA0\SX308.WAV"
MMEA0 "TRAIN\DR8\MMEA0\SX38.WAV"
MMEA0 "TRAIN\DR8\MMEA0\SX398.WAV"
MMLM0 "TRAIN\DR8\MMLM0\SA2.WAV"
MMLM0 "TRAIN\DR8\MMLM0\SI1527.WAV"
MMLM0 "TRAIN\DR8\MMLM0\SI2150.WAV"
MMLM0 "TRAIN\DR8\MMLM0\SI897.WAV"
MMLM0 "TRAIN\DR8\MMLM0\SX177.WAV"
MMLM0 "TRAIN\DR8\MMLM0\SX267.WAV"
MMLM0 "TRAIN\DR8\MMLM0\SX357.WAV"
MMLM0 "TRAIN\DR8\MMLM0\SX447.WAV"
MMLM0 "TRAIN\DR8\MMLM0\SX87.WAV"
MMPM0 "TRAIN\DR8\MMPM0\SA2.WAV"
MMPM0 "TRAIN\DR8\MMPM0\SI1061.WAV"
MMPM0 "TRAIN\DR8\MMPM0\SI1691.WAV"
MMPM0 "TRAIN\DR8\MMPM0\SI2321.WAV"
MMPM0 "TRAIN\DR8\MMPM0\SX161.WAV"
MMPM0 "TRAIN\DR8\MMPM0\SX251.WAV"
MMPM0 "TRAIN\DR8\MMPM0\SX341.WAV"
MMPM0 "TRAIN\DR8\MMPM0\SX431.WAV"
MMPM0 "TRAIN\DR8\MMPM0\SX71.WAV"
MMWS0 "TRAIN\DR8\MMWS0\SA2.WAV"
MMWS0 "TRAIN\DR8\MMWS0\SI1518.WAV"
MMWS0 "TRAIN\DR8\MMWS0\SI559.WAV"
MMWS0 "TRAIN\DR8\MMWS0\SI888.WAV"
MMWS0 "TRAIN\DR8\MMWS0\SX168.WAV"
MMWS0 "TRAIN\DR8\MMWS0\SX258.WAV"
MMWS0 "TRAIN\DR8\MMWS0\SX348.WAV"
MMWS0 "TRAIN\DR8\MMWS0\SX438.WAV"
MMWS0 "TRAIN\DR8\MMWS0\SX78.WAV"
MRDM0 "TRAIN\DR8\MRDM0\SA2.WAV"
MRDM0 "TRAIN\DR8\MRDM0\SI1044.WAV"
MRDM0 "TRAIN\DR8\MRDM0\SI1595.WAV"
MRDM0 "TRAIN\DR8\MRDM0\SI965.WAV"
MRDM0 "TRAIN\DR8\MRDM0\SX155.WAV"
MRDM0 "TRAIN\DR8\MRDM0\SX245.WAV"
MRDM0 "TRAIN\DR8\MRDM0\SX335.WAV"
MRDM0 "TRAIN\DR8\MRDM0\SX425.WAV"
MRDM0 "TRAIN\DR8\MRDM0\SX65.WAV"
MRLK0 "TRAIN\DR8\MRLK0\SA2.WAV"
MRLK0 "TRAIN\DR8\MRLK0\SI1468.WAV"
MRLK0 "TRAIN\DR8\MRLK0\SI2140.WAV"
MRLK0 "TRAIN\DR8\MRLK0\SI843.WAV"
MRLK0 "TRAIN\DR8\MRLK0\SX123.WAV"
MRLK0 "TRAIN\DR8\MRLK0\SX213.WAV"
MRLK0 "TRAIN\DR8\MRLK0\SX303.WAV"
MRLK0 "TRAIN\DR8\MRLK0\SX33.WAV"
MRLK0 "TRAIN\DR8\MRLK0\SX393.WAV"
MRRE0 "TRAIN\DR8\MRRE0\SA2.WAV"
MRRE0 "TRAIN\DR8\MRRE0\SI1334.WAV"
MRRE0 "TRAIN\DR8\MRRE0\SI704.WAV"
MRRE0 "TRAIN\DR8\MRRE0\SI952.WAV"
MRRE0 "TRAIN\DR8\MRRE0\SX164.WAV"
MRRE0 "TRAIN\DR8\MRRE0\SX254.WAV"
MRRE0 "TRAIN\DR8\MRRE0\SX344.WAV"
MRRE0 "TRAIN\DR8\MRRE0\SX434.WAV"
MRRE0 "TRAIN\DR8\MRRE0\SX74.WAV"
MTCS0 "TRAIN\DR8\MTCS0\SA2.WAV"
MTCS0 "TRAIN\DR8\MTCS0\SI1972.WAV"
MTCS0 "TRAIN\DR8\MTCS0\SI2265.WAV"
MTCS0 "TRAIN\DR8\MTCS0\SI712.WAV"
MTCS0 "TRAIN\DR8\MTCS0\SX172.WAV"
MTCS0 "TRAIN\DR8\MTCS0\SX262.WAV"
MTCS0 "TRAIN\DR8\MTCS0\SX352.WAV"
MTCS0 "TRAIN\DR8\MTCS0\SX442.WAV"
MTCS0 "TRAIN\DR8\MTCS0\SX82.WAV"
